******************************************************************************
                  TI ARM Linker PC v20.2.7                     
******************************************************************************
>> Linked Tue Oct  3 18:57:07 2023

OUTPUT FILE NAME:   <prova1_new.out>
ENTRY POINT SYMBOL: "_c_int00_noargs"  address: 0000092d


MEMORY CONFIGURATION

         name            origin    length      used     unused   attr    fill
----------------------  --------  ---------  --------  --------  ----  --------
  FLASH                 00000000   00040000  00000a92  0003f56e  R  X
  SRAM                  20000000   00008000  0000021c  00007de4  RW X


SEGMENT ALLOCATION MAP

run origin  load origin   length   init length attrs members
----------  ----------- ---------- ----------- ----- -------
00000000    00000000    00000a98   00000a98    r-x
  00000000    00000000    0000026c   0000026c    r-- .intvecs
  0000026c    0000026c    000007e6   000007e6    r-x .text
  00000a58    00000a58    00000040   00000040    r-- .cinit
20000000    20000000    0000021c   00000000    rw-
  20000000    20000000    00000200   00000000    rw- .stack
  20000200    20000200    00000018   00000000    rw- .data
  20000218    20000218    00000004   00000000    rw- .bss


SECTION ALLOCATION MAP

 output                                  attributes/
section   page    origin      length       input sections
--------  ----  ----------  ----------   ----------------
.intvecs   0    00000000    0000026c     
                  00000000    0000026c     tm4c123gh6pm_startup_ccs.obj (.intvecs)

.text      0    0000026c    000007e6     
                  0000026c    000002c4     main.obj (.text)
                  00000530    00000132     driverlib.lib : gpio.obj (.text:GPIOPadConfigSet)
                  00000662    00000002     --HOLE-- [fill = 0]
                  00000664    000000f4                   : sysctl.obj (.text:SysCtlClockSet)
                  00000758    0000009c     rtsv7M4_T_le_v4SPD16_eabi.lib : memcpy_t2.asm.obj (.text)
                  000007f4    00000068                                   : copy_decompress_lzss.c.obj (.text:decompress:lzss:__TI_decompress_lzss)
                  0000085c    00000056     driverlib.lib : gpio.obj (.text:GPIOIntTypeSet)
                  000008b2    00000002     --HOLE-- [fill = 0]
                  000008b4    00000044     rtsv7M4_T_le_v4SPD16_eabi.lib : autoinit.c.obj (.text:__TI_auto_init_nobinit_nopinit:__TI_auto_init_nobinit_nopinit)
                  000008f8    00000034     driverlib.lib : sysctl.obj (.text:SysCtlPeripheralEnable)
                  0000092c    00000034     rtsv7M4_T_le_v4SPD16_eabi.lib : boot_cortex_m.c.obj (.text:_c_int00_noargs:_c_int00_noargs)
                  00000960    0000002a     driverlib.lib : gpio.obj (.text:GPIODirModeSet)
                  0000098a    0000001c     rtsv7M4_T_le_v4SPD16_eabi.lib : copy_zero_init.c.obj (.text:decompress:ZI:__TI_zero_init_nomemset:__TI_zero_init_nomemset)
                  000009a6    00000018     driverlib.lib : gpio.obj (.text:GPIOPinTypeGPIOOutput)
                  000009be    00000002     --HOLE-- [fill = 0]
                  000009c0    00000014                   : systick.obj (.text:SysTickEnable)
                  000009d4    00000014                   : systick.obj (.text:SysTickIntEnable)
                  000009e8    00000010                   : interrupt.obj (.text:IntMasterEnable)
                  000009f8    00000010                   : systick.obj (.text:SysTickPeriodSet)
                  00000a08    0000000e     rtsv7M4_T_le_v4SPD16_eabi.lib : copy_decompress_none.c.obj (.text:decompress:none:__TI_decompress_none)
                  00000a16    0000000c     driverlib.lib : cpu.obj (.text:CPUcpsie)
                  00000a22    0000000c                   : gpio.obj (.text:GPIOIntEnable)
                  00000a2e    0000000c     tm4c123gh6pm_startup_ccs.obj (.text)
                  00000a3a    00000006     driverlib.lib : gpio.obj (.text:GPIOPinWrite)
                  00000a40    00000006                   : sysctl.obj (.text:SysCtlDelay)
                  00000a46    00000004                   : timer.obj (.text:TimerIntClear)
                  00000a4a    00000004     rtsv7M4_T_le_v4SPD16_eabi.lib : pre_init.c.obj (.text:_system_pre_init)
                  00000a4e    00000004                                   : exit.c.obj (.text:abort:abort)

.cinit     0    00000a58    00000040     
                  00000a58    00000018     (.cinit..data.load) [load image, compression = lzss]
                  00000a70    0000000c     (__TI_handler_table)
                  00000a7c    00000004     --HOLE-- [fill = 0]
                  00000a80    00000008     (.cinit..bss.load) [load image, compression = zero_init]
                  00000a88    00000010     (__TI_cinit_table)

.init_array 
*          0    00000000    00000000     UNINITIALIZED

.data      0    20000200    00000018     UNINITIALIZED
                  20000200    0000000c     main.obj (.data)
                  2000020c    0000000c     main.obj (.data:timeValues)

.bss       0    20000218    00000004     UNINITIALIZED
                  20000218    00000001     (.common:a)
                  20000219    00000001     (.common:b)
                  2000021a    00000001     (.common:c)
                  2000021b    00000001     (.common:d)

.stack     0    20000000    00000200     UNINITIALIZED
                  20000000    00000004     rtsv7M4_T_le_v4SPD16_eabi.lib : boot_cortex_m.c.obj (.stack)
                  20000004    000001fc     --HOLE--

__llvm_prf_cnts 
*          0    20000000    00000000     UNINITIALIZED

MODULE SUMMARY

       Module                         code   ro data   rw data
       ------                         ----   -------   -------
    .\
       main.obj                       708    0         28     
       tm4c123gh6pm_startup_ccs.obj   12     620       0      
    +--+------------------------------+------+---------+---------+
       Total:                         720    620       28     
                                                              
    C:/ti/ccs1240/TivaWare_C_Series-2.1.4.178/TivaWare_C_Series-2.1.4.178/driverlib/ccs/Debug/driverlib.lib
       gpio.obj                       476    0         0      
       sysctl.obj                     302    0         0      
       systick.obj                    56     0         0      
       interrupt.obj                  16     0         0      
       cpu.obj                        12     0         0      
       timer.obj                      4      0         0      
    +--+------------------------------+------+---------+---------+
       Total:                         866    0         0      
                                                              
    C:\ti\ccs1240\ccs\tools\compiler\ti-cgt-arm_20.2.7.LTS\lib\rtsv7M4_T_le_v4SPD16_eabi.lib
       memcpy_t2.asm.obj              156    0         0      
       copy_decompress_lzss.c.obj     104    0         0      
       autoinit.c.obj                 68     0         0      
       boot_cortex_m.c.obj            52     0         0      
       copy_zero_init.c.obj           28     0         0      
       copy_decompress_none.c.obj     14     0         0      
       exit.c.obj                     4      0         0      
       pre_init.c.obj                 4      0         0      
    +--+------------------------------+------+---------+---------+
       Total:                         430    0         0      
                                                              
       Stack:                         0      0         512    
       Linker Generated:              0      60        0      
    +--+------------------------------+------+---------+---------+
       Grand Total:                   2016   680       540    


LINKER GENERATED COPY TABLES

__TI_cinit_table @ 00000a88 records: 2, size/record: 8, table size: 16
	.data: load addr=00000a58, load size=00000018 bytes, run addr=20000200, run size=00000018 bytes, compression=lzss
	.bss: load addr=00000a80, load size=00000008 bytes, run addr=20000218, run size=00000004 bytes, compression=zero_init


LINKER GENERATED HANDLER TABLE

__TI_handler_table @ 00000a70 records: 3, size/record: 4, table size: 12
	index: 0, handler: __TI_decompress_lzss
	index: 1, handler: __TI_decompress_none
	index: 2, handler: __TI_zero_init


GLOBAL SYMBOLS: SORTED ALPHABETICALLY BY Name 

address   name                          
-------   ----                          
00000a4f  C$$EXIT                       
00000a17  CPUcpsie                      
00000961  GPIODirModeSet                
00000a23  GPIOIntEnable                 
0000085d  GPIOIntTypeSet                
00000531  GPIOPadConfigSet              
000009a7  GPIOPinTypeGPIOOutput         
00000a3b  GPIOPinWrite                  
000009e9  IntMasterEnable               
00000a2f  ResetISR                      
00000665  SysCtlClockSet                
00000a41  SysCtlDelay                   
000008f9  SysCtlPeripheralEnable        
000009c1  SysTickEnable                 
000009d5  SysTickIntEnable              
000009f9  SysTickPeriodSet              
00000347  SysTick_Handler               
000003bb  Timer0A_Handler               
00000a47  TimerIntClear                 
20000200  __STACK_END                   
00000200  __STACK_SIZE                  
20000200  __STACK_TOP                   
00000a88  __TI_CINIT_Base               
00000a98  __TI_CINIT_Limit              
00000a70  __TI_Handler_Table_Base       
00000a7c  __TI_Handler_Table_Limit      
000008b5  __TI_auto_init_nobinit_nopinit
000007f5  __TI_decompress_lzss          
00000a09  __TI_decompress_none          
ffffffff  __TI_pprof_out_hndl           
ffffffff  __TI_prof_data_size           
ffffffff  __TI_prof_data_start          
00000000  __TI_static_base__            
0000098b  __TI_zero_init_nomemset       
00000759  __aeabi_memcpy                
00000759  __aeabi_memcpy4               
00000759  __aeabi_memcpy8               
ffffffff  __binit__                     
ffffffff  __c_args__                    
UNDEFED   __mpu_init                    
20000000  __stack                       
20000000  __start___llvm_prf_cnts       
20000000  __stop___llvm_prf_cnts        
0000092d  _c_int00_noargs               
UNDEFED   _system_post_cinit            
00000a4b  _system_pre_init              
20000218  a                             
00000a4f  abort                         
20000219  b                             
ffffffff  binit                         
2000021a  c                             
20000200  contador                      
2000020a  currentDisplayState           
2000021b  d                             
20000204  direction                     
2000020b  displayCounter                
00000000  g_pfnVectors                  
0000042d  main                          
00000759  memcpy                        
20000209  off                           
20000208  on                            
0000026d  showDigit                     
2000020c  timeValues                    


GLOBAL SYMBOLS: SORTED BY Symbol Address 

address   name                          
-------   ----                          
00000000  __TI_static_base__            
00000000  g_pfnVectors                  
00000200  __STACK_SIZE                  
0000026d  showDigit                     
00000347  SysTick_Handler               
000003bb  Timer0A_Handler               
0000042d  main                          
00000531  GPIOPadConfigSet              
00000665  SysCtlClockSet                
00000759  __aeabi_memcpy                
00000759  __aeabi_memcpy4               
00000759  __aeabi_memcpy8               
00000759  memcpy                        
000007f5  __TI_decompress_lzss          
0000085d  GPIOIntTypeSet                
000008b5  __TI_auto_init_nobinit_nopinit
000008f9  SysCtlPeripheralEnable        
0000092d  _c_int00_noargs               
00000961  GPIODirModeSet                
0000098b  __TI_zero_init_nomemset       
000009a7  GPIOPinTypeGPIOOutput         
000009c1  SysTickEnable                 
000009d5  SysTickIntEnable              
000009e9  IntMasterEnable               
000009f9  SysTickPeriodSet              
00000a09  __TI_decompress_none          
00000a17  CPUcpsie                      
00000a23  GPIOIntEnable                 
00000a2f  ResetISR                      
00000a3b  GPIOPinWrite                  
00000a41  SysCtlDelay                   
00000a47  TimerIntClear                 
00000a4b  _system_pre_init              
00000a4f  C$$EXIT                       
00000a4f  abort                         
00000a70  __TI_Handler_Table_Base       
00000a7c  __TI_Handler_Table_Limit      
00000a88  __TI_CINIT_Base               
00000a98  __TI_CINIT_Limit              
20000000  __stack                       
20000000  __start___llvm_prf_cnts       
20000000  __stop___llvm_prf_cnts        
20000200  __STACK_END                   
20000200  __STACK_TOP                   
20000200  contador                      
20000204  direction                     
20000208  on                            
20000209  off                           
2000020a  currentDisplayState           
2000020b  displayCounter                
2000020c  timeValues                    
20000218  a                             
20000219  b                             
2000021a  c                             
2000021b  d                             
ffffffff  __TI_pprof_out_hndl           
ffffffff  __TI_prof_data_size           
ffffffff  __TI_prof_data_start          
ffffffff  __binit__                     
ffffffff  __c_args__                    
ffffffff  binit                         
UNDEFED   __mpu_init                    
UNDEFED   _system_post_cinit            

[63 symbols]
